{
  "id": 42,
  "name": "The Answer",
  "active": true,
  "email": "answer@example.com"
}

